This file contains any messages produced by compilers while
running configure, to aid debugging if configure makes a mistake.

It was created by hdf-eos2 configure 4.2, which was
generated by GNU Autoconf 2.61.  Invocation command line was

  $ ./configure --prefix=/opt/packages/hdfeos2.20v1.00 --libdir=/opt/packages/hdfeos2.20v1.00/lib --with-hdf4=/opt/packages/hdf4-4.2.15 --with-szlib=/opt/packages/szip-2.1.1 --enable-install-include

## --------- ##
## Platform. ##
## --------- ##

hostname = eta2.jpl.nasa.gov
uname -m = x86_64
uname -r = 4.18.0-372.16.1.el8_6.x86_64
uname -s = Linux
uname -v = #1 SMP Tue Jun 28 03:02:21 EDT 2022

/usr/bin/uname -p = x86_64
/bin/uname -X     = unknown

/bin/arch              = x86_64
/usr/bin/arch -k       = unknown
/usr/convex/getsysinfo = unknown
/usr/bin/hostinfo      = unknown
/bin/machine           = unknown
/usr/bin/oslevel       = unknown
/bin/universe          = unknown

PATH: /home/jsg/perl5/bin
PATH: .
PATH: /home/jsg/local/bin
PATH: /opt/python/miniconda3-4.7.10/condabin
PATH: /opt/packages/cdo-1.9.8/bin
PATH: /opt/packages/git-2.9.3/bin
PATH: /opt/gcc/gcc-8.2.0/bin
PATH: /usr/share/Modules/bin
PATH: /usr/local/bin
PATH: /usr/bin
PATH: /usr/local/sbin
PATH: /usr/sbin
PATH: /opt/dell/srvadmin/sbin
PATH: /home/jsg/bin
PATH: /usr/local/bin
PATH: /usr/bin
PATH: /usr/sbin
PATH: /bin
PATH: /sbin
PATH: .
PATH: /usr/local/bin
PATH: /opt/packages/bin/linux64
PATH: /opt/packages/hdf4-4.2.15/bin
PATH: /opt/packages/hdf5-1.8.19/bin
PATH: /bin
PATH: /DEVELOPMENT/scripts
PATH: /STORE/pge_scripts
PATH: /DEVELOPMENT/jenkins
PATH: /DEVELOPMENT/tools
PATH: /TOOLS/idl
PATH: /TOOLS/L3TOOL
PATH: /home/jsg/bin
PATH: /home/jsg/python
PATH: /opt/packages/sdptk/TOOLKIT/bin/linux64
PATH: /opt/packages/hdf4-4.2.15/bin
PATH: /opt/packages/hdf5-1.8.19/bin
PATH: /DEVELOPMENT/scripts
PATH: /TOOLS/idl
PATH: /TOOLS/L3TOOL


## ----------- ##
## Core tests. ##
## ----------- ##

configure:2022: checking for a BSD-compatible install
configure:2078: result: /usr/bin/install -c
configure:2089: checking whether build environment is sane
configure:2132: result: yes
configure:2197: checking for gawk
configure:2213: found /usr/bin/gawk
configure:2224: result: gawk
configure:2235: checking whether make sets $(MAKE)
configure:2256: result: yes
configure:2440: checking whether to enable maintainer-specific portions of Makefiles
configure:2449: result: no
configure:2546: checking build system type
configure:2564: result: x86_64-unknown-linux-gnu
configure:2586: checking host system type
configure:2601: result: x86_64-unknown-linux-gnu
configure:2635: checking for style of include used by make
configure:2663: result: GNU
configure:2736: checking for gcc
configure:2763: result: /opt/packages/hdf4-4.2.15/bin/h4cc
configure:3001: checking for C compiler version
configure:3008: /opt/packages/hdf4-4.2.15/bin/h4cc --version >&5
gcc (GCC) 8.5.0 20210514 (Red Hat 8.5.0-10)
Copyright (C) 2018 Free Software Foundation, Inc.
This is free software; see the source for copying conditions.  There is NO
warranty; not even for MERCHANTABILITY or FITNESS FOR A PARTICULAR PURPOSE.

configure:3011: $? = 0
configure:3018: /opt/packages/hdf4-4.2.15/bin/h4cc -v >&5
Using built-in specs.
COLLECT_GCC=/usr/bin/gcc
COLLECT_LTO_WRAPPER=/usr/libexec/gcc/x86_64-redhat-linux/8/lto-wrapper
OFFLOAD_TARGET_NAMES=nvptx-none
OFFLOAD_TARGET_DEFAULT=1
Target: x86_64-redhat-linux
Configured with: ../configure --enable-bootstrap --enable-languages=c,c++,fortran,lto --prefix=/usr --mandir=/usr/share/man --infodir=/usr/share/info --with-bugurl=http://bugzilla.redhat.com/bugzilla --enable-shared --enable-threads=posix --enable-checking=release --enable-multilib --with-system-zlib --enable-__cxa_atexit --disable-libunwind-exceptions --enable-gnu-unique-object --enable-linker-build-id --with-gcc-major-version-only --with-linker-hash-style=gnu --enable-plugin --enable-initfini-array --with-isl --disable-libmpx --enable-offload-targets=nvptx-none --without-cuda-driver --enable-gnu-indirect-function --enable-cet --with-tune=generic --with-arch_32=x86-64 --build=x86_64-redhat-linux
Thread model: posix
gcc version 8.5.0 20210514 (Red Hat 8.5.0-10) (GCC) 
COMPILER_PATH=/usr/libexec/gcc/x86_64-redhat-linux/8/:/usr/libexec/gcc/x86_64-redhat-linux/8/:/usr/libexec/gcc/x86_64-redhat-linux/:/usr/lib/gcc/x86_64-redhat-linux/8/:/usr/lib/gcc/x86_64-redhat-linux/
LIBRARY_PATH=/usr/lib/gcc/x86_64-redhat-linux/8/:/usr/lib/gcc/x86_64-redhat-linux/8/../../../../lib64/:/lib/../lib64/:/usr/lib/../lib64/:/usr/lib/gcc/x86_64-redhat-linux/8/../../../:/lib/:/usr/lib/
COLLECT_GCC_OPTIONS='-pthread' '-s' '-mcmodel=large' '-Wall' '-Wno-unused-variable' '-Wmissing-prototypes' '-Wmissing-declarations' '-m128bit-long-double' '-mlarge-data-threshold=90000000' '-O3' '-fomit-frame-pointer' '-m64' '-pthread' '-fPIC' '-L/opt/packages/zlib-1.2.11/lib' '-L/opt/packages/szip-2.1.1/lib' '-v' '-L/opt/packages/hdf4-4.2.15/lib' '-mtune=generic' '-march=x86-64'
 /usr/libexec/gcc/x86_64-redhat-linux/8/collect2 -plugin /usr/libexec/gcc/x86_64-redhat-linux/8/liblto_plugin.so -plugin-opt=/usr/libexec/gcc/x86_64-redhat-linux/8/lto-wrapper -plugin-opt=-fresolution=/tmp/ccekXpwz.res -plugin-opt=-pass-through=-lgcc -plugin-opt=-pass-through=-lgcc_s -plugin-opt=-pass-through=-lpthread -plugin-opt=-pass-through=-lc -plugin-opt=-pass-through=-lgcc -plugin-opt=-pass-through=-lgcc_s --build-id --no-add-needed --eh-frame-hdr --hash-style=gnu -m elf_x86_64 -dynamic-linker /lib64/ld-linux-x86-64.so.2 -s /usr/lib/gcc/x86_64-redhat-linux/8/../../../../lib64/crt1.o /usr/lib/gcc/x86_64-redhat-linux/8/../../../../lib64/crti.o /usr/lib/gcc/x86_64-redhat-linux/8/crtbegin.o -L/opt/packages/zlib-1.2.11/lib -L/opt/packages/szip-2.1.1/lib -L/opt/packages/hdf4-4.2.15/lib -L/usr/lib/gcc/x86_64-redhat-linux/8 -L/usr/lib/gcc/x86_64-redhat-linux/8/../../../../lib64 -L/lib/../lib64 -L/usr/lib/../lib64 -L/usr/lib/gcc/x86_64-redhat-linux/8/../../.. -Map hdf-4.2.15.map /opt/packages/hdf4-4.2.15/lib/libmfhdf.a /opt/packages/hdf4-4.2.15/lib/libdf.a -lsz -ljpeg -lz -lgcc --as-needed -lgcc_s --no-as-needed -lpthread -lc -lgcc --as-needed -lgcc_s --no-as-needed /usr/lib/gcc/x86_64-redhat-linux/8/crtend.o /usr/lib/gcc/x86_64-redhat-linux/8/../../../../lib64/crtn.o
/usr/lib/gcc/x86_64-redhat-linux/8/../../../../lib64/crt1.o: In function `_start':
(.text+0x24): undefined reference to `main'
collect2: error: ld returned 1 exit status
configure:3021: $? = 1
configure:3028: /opt/packages/hdf4-4.2.15/bin/h4cc -V >&5
gcc: error: unrecognized command line option '-V'
configure:3031: $? = 1
configure:3054: checking for C compiler default output file name
configure:3081: /opt/packages/hdf4-4.2.15/bin/h4cc -m64 -fPIC -pthread -s -mcmodel=large -Wall -Wno-unused-variable        -Wmissing-prototypes -Wmissing-declarations -m128bit-long-double -mlarge-data-threshold=90000000  -m64 -pthread -fPIC -Wl,-Map,hdf-eos2-20v1.00.map -L/opt/packages/hdf-4.2.15/lib conftest.c -lmfhdf  -ldf -lsz -lz -ljpeg -lm -lxdr >&5
configure:3084: $? = 0
configure:3122: result: a.out
configure:3139: checking whether the C compiler works
configure:3149: ./a.out
configure:3152: $? = 0
configure:3169: result: yes
configure:3176: checking whether we are cross compiling
configure:3178: result: no
configure:3181: checking for suffix of executables
configure:3188: /opt/packages/hdf4-4.2.15/bin/h4cc -o conftest -m64 -fPIC -pthread -s -mcmodel=large -Wall -Wno-unused-variable        -Wmissing-prototypes -Wmissing-declarations -m128bit-long-double -mlarge-data-threshold=90000000  -m64 -pthread -fPIC -Wl,-Map,hdf-eos2-20v1.00.map -L/opt/packages/hdf-4.2.15/lib conftest.c -lmfhdf  -ldf -lsz -lz -ljpeg -lm -lxdr >&5
configure:3191: $? = 0
configure:3215: result: 
configure:3221: checking for suffix of object files
configure:3247: /opt/packages/hdf4-4.2.15/bin/h4cc -c -m64 -fPIC -pthread -s -mcmodel=large -Wall -Wno-unused-variable        -Wmissing-prototypes -Wmissing-declarations -m128bit-long-double -mlarge-data-threshold=90000000  conftest.c >&5
configure:3250: $? = 0
configure:3273: result: o
configure:3277: checking whether we are using the GNU C compiler
configure:3306: /opt/packages/hdf4-4.2.15/bin/h4cc -c -m64 -fPIC -pthread -s -mcmodel=large -Wall -Wno-unused-variable        -Wmissing-prototypes -Wmissing-declarations -m128bit-long-double -mlarge-data-threshold=90000000  conftest.c >&5
configure:3312: $? = 0
configure:3329: result: yes
configure:3334: checking whether /opt/packages/hdf4-4.2.15/bin/h4cc accepts -g
configure:3364: /opt/packages/hdf4-4.2.15/bin/h4cc -c -g  conftest.c >&5
configure:3370: $? = 0
configure:3469: result: yes
configure:3486: checking for /opt/packages/hdf4-4.2.15/bin/h4cc option to accept ISO C89
configure:3560: /opt/packages/hdf4-4.2.15/bin/h4cc  -c -m64 -fPIC -pthread -s -mcmodel=large -Wall -Wno-unused-variable        -Wmissing-prototypes -Wmissing-declarations -m128bit-long-double -mlarge-data-threshold=90000000  conftest.c >&5
configure:3566: $? = 0
configure:3589: result: none needed
configure:3609: checking dependency style of /opt/packages/hdf4-4.2.15/bin/h4cc
configure:3699: result: gcc3
configure:3716: checking for a sed that does not truncate output
configure:3770: result: /usr/bin/sed
configure:3773: checking for grep that handles long lines and -e
configure:3847: result: /usr/bin/grep
configure:3852: checking for egrep
configure:3930: result: /usr/bin/grep -E
configure:3946: checking for ld used by /opt/packages/hdf4-4.2.15/bin/h4cc
configure:4013: result: /usr/bin/ld
configure:4022: checking if the linker (/usr/bin/ld) is GNU ld
configure:4037: result: yes
configure:4042: checking for /usr/bin/ld option to reload object files
configure:4049: result: -r
configure:4058: checking for BSD-compatible nm
configure:4100: result: /usr/bin/nm -B
configure:4104: checking whether ln -s works
configure:4108: result: yes
configure:4115: checking how to recognise dependent libraries
configure:4298: result: pass_all
configure:4383: /opt/packages/hdf4-4.2.15/bin/h4cc -c -m64 -fPIC -pthread -s -mcmodel=large -Wall -Wno-unused-variable        -Wmissing-prototypes -Wmissing-declarations -m128bit-long-double -mlarge-data-threshold=90000000  conftest.c >&5
configure:4386: $? = 0
configure:4509: checking how to run the C preprocessor
configure:4549: /opt/packages/hdf4-4.2.15/bin/h4cc -E  conftest.c
configure:4555: $? = 0
configure:4586: /opt/packages/hdf4-4.2.15/bin/h4cc -E  conftest.c
conftest.c:10:10: fatal error: ac_nonexistent.h: No such file or directory
 #include <ac_nonexistent.h>
          ^~~~~~~~~~~~~~~~~~
compilation terminated.
configure:4592: $? = 1
configure: failed program was:
| /* confdefs.h.  */
| #define PACKAGE_NAME "hdf-eos2"
| #define PACKAGE_TARNAME "hdf-eos2"
| #define PACKAGE_VERSION "4.2"
| #define PACKAGE_STRING "hdf-eos2 4.2"
| #define PACKAGE_BUGREPORT "null@bogus.email"
| #define PACKAGE "hdf-eos2"
| #define VERSION "4.2"
| /* end confdefs.h.  */
| #include <ac_nonexistent.h>
configure:4625: result: /opt/packages/hdf4-4.2.15/bin/h4cc -E
configure:4654: /opt/packages/hdf4-4.2.15/bin/h4cc -E  conftest.c
configure:4660: $? = 0
configure:4691: /opt/packages/hdf4-4.2.15/bin/h4cc -E  conftest.c
conftest.c:10:10: fatal error: ac_nonexistent.h: No such file or directory
 #include <ac_nonexistent.h>
          ^~~~~~~~~~~~~~~~~~
compilation terminated.
configure:4697: $? = 1
configure: failed program was:
| /* confdefs.h.  */
| #define PACKAGE_NAME "hdf-eos2"
| #define PACKAGE_TARNAME "hdf-eos2"
| #define PACKAGE_VERSION "4.2"
| #define PACKAGE_STRING "hdf-eos2 4.2"
| #define PACKAGE_BUGREPORT "null@bogus.email"
| #define PACKAGE "hdf-eos2"
| #define VERSION "4.2"
| /* end confdefs.h.  */
| #include <ac_nonexistent.h>
configure:4735: checking for ANSI C header files
configure:4765: /opt/packages/hdf4-4.2.15/bin/h4cc -c -m64 -fPIC -pthread -s -mcmodel=large -Wall -Wno-unused-variable        -Wmissing-prototypes -Wmissing-declarations -m128bit-long-double -mlarge-data-threshold=90000000  conftest.c >&5
configure:4771: $? = 0
configure:4870: /opt/packages/hdf4-4.2.15/bin/h4cc -o conftest -m64 -fPIC -pthread -s -mcmodel=large -Wall -Wno-unused-variable        -Wmissing-prototypes -Wmissing-declarations -m128bit-long-double -mlarge-data-threshold=90000000  -m64 -pthread -fPIC -Wl,-Map,hdf-eos2-20v1.00.map -L/opt/packages/hdf-4.2.15/lib conftest.c -lmfhdf  -ldf -lsz -lz -ljpeg -lm -lxdr >&5
configure:4873: $? = 0
configure:4879: ./conftest
configure:4882: $? = 0
configure:4899: result: yes
configure:4923: checking for sys/types.h
configure:4944: /opt/packages/hdf4-4.2.15/bin/h4cc -c -m64 -fPIC -pthread -s -mcmodel=large -Wall -Wno-unused-variable        -Wmissing-prototypes -Wmissing-declarations -m128bit-long-double -mlarge-data-threshold=90000000  conftest.c >&5
configure:4950: $? = 0
configure:4966: result: yes
configure:4923: checking for sys/stat.h
configure:4944: /opt/packages/hdf4-4.2.15/bin/h4cc -c -m64 -fPIC -pthread -s -mcmodel=large -Wall -Wno-unused-variable        -Wmissing-prototypes -Wmissing-declarations -m128bit-long-double -mlarge-data-threshold=90000000  conftest.c >&5
configure:4950: $? = 0
configure:4966: result: yes
configure:4923: checking for stdlib.h
configure:4944: /opt/packages/hdf4-4.2.15/bin/h4cc -c -m64 -fPIC -pthread -s -mcmodel=large -Wall -Wno-unused-variable        -Wmissing-prototypes -Wmissing-declarations -m128bit-long-double -mlarge-data-threshold=90000000  conftest.c >&5
configure:4950: $? = 0
configure:4966: result: yes
configure:4923: checking for string.h
configure:4944: /opt/packages/hdf4-4.2.15/bin/h4cc -c -m64 -fPIC -pthread -s -mcmodel=large -Wall -Wno-unused-variable        -Wmissing-prototypes -Wmissing-declarations -m128bit-long-double -mlarge-data-threshold=90000000  conftest.c >&5
configure:4950: $? = 0
configure:4966: result: yes
configure:4923: checking for memory.h
configure:4944: /opt/packages/hdf4-4.2.15/bin/h4cc -c -m64 -fPIC -pthread -s -mcmodel=large -Wall -Wno-unused-variable        -Wmissing-prototypes -Wmissing-declarations -m128bit-long-double -mlarge-data-threshold=90000000  conftest.c >&5
configure:4950: $? = 0
configure:4966: result: yes
configure:4923: checking for strings.h
configure:4944: /opt/packages/hdf4-4.2.15/bin/h4cc -c -m64 -fPIC -pthread -s -mcmodel=large -Wall -Wno-unused-variable        -Wmissing-prototypes -Wmissing-declarations -m128bit-long-double -mlarge-data-threshold=90000000  conftest.c >&5
configure:4950: $? = 0
configure:4966: result: yes
configure:4923: checking for inttypes.h
configure:4944: /opt/packages/hdf4-4.2.15/bin/h4cc -c -m64 -fPIC -pthread -s -mcmodel=large -Wall -Wno-unused-variable        -Wmissing-prototypes -Wmissing-declarations -m128bit-long-double -mlarge-data-threshold=90000000  conftest.c >&5
configure:4950: $? = 0
configure:4966: result: yes
configure:4923: checking for stdint.h
configure:4944: /opt/packages/hdf4-4.2.15/bin/h4cc -c -m64 -fPIC -pthread -s -mcmodel=large -Wall -Wno-unused-variable        -Wmissing-prototypes -Wmissing-declarations -m128bit-long-double -mlarge-data-threshold=90000000  conftest.c >&5
configure:4950: $? = 0
configure:4966: result: yes
configure:4923: checking for unistd.h
configure:4944: /opt/packages/hdf4-4.2.15/bin/h4cc -c -m64 -fPIC -pthread -s -mcmodel=large -Wall -Wno-unused-variable        -Wmissing-prototypes -Wmissing-declarations -m128bit-long-double -mlarge-data-threshold=90000000  conftest.c >&5
configure:4950: $? = 0
configure:4966: result: yes
configure:4993: checking dlfcn.h usability
configure:5010: /opt/packages/hdf4-4.2.15/bin/h4cc -c -m64 -fPIC -pthread -s -mcmodel=large -Wall -Wno-unused-variable        -Wmissing-prototypes -Wmissing-declarations -m128bit-long-double -mlarge-data-threshold=90000000  conftest.c >&5
configure:5016: $? = 0
configure:5030: result: yes
configure:5034: checking dlfcn.h presence
configure:5049: /opt/packages/hdf4-4.2.15/bin/h4cc -E  conftest.c
configure:5055: $? = 0
configure:5069: result: yes
configure:5102: checking for dlfcn.h
configure:5110: result: yes
configure:5239: checking for C++ compiler version
configure:5246: /bin/g++ --version >&5
g++ (GCC) 8.5.0 20210514 (Red Hat 8.5.0-10)
Copyright (C) 2018 Free Software Foundation, Inc.
This is free software; see the source for copying conditions.  There is NO
warranty; not even for MERCHANTABILITY or FITNESS FOR A PARTICULAR PURPOSE.

configure:5249: $? = 0
configure:5256: /bin/g++ -v >&5
Using built-in specs.
COLLECT_GCC=/bin/g++
COLLECT_LTO_WRAPPER=/usr/libexec/gcc/x86_64-redhat-linux/8/lto-wrapper
OFFLOAD_TARGET_NAMES=nvptx-none
OFFLOAD_TARGET_DEFAULT=1
Target: x86_64-redhat-linux
Configured with: ../configure --enable-bootstrap --enable-languages=c,c++,fortran,lto --prefix=/usr --mandir=/usr/share/man --infodir=/usr/share/info --with-bugurl=http://bugzilla.redhat.com/bugzilla --enable-shared --enable-threads=posix --enable-checking=release --enable-multilib --with-system-zlib --enable-__cxa_atexit --disable-libunwind-exceptions --enable-gnu-unique-object --enable-linker-build-id --with-gcc-major-version-only --with-linker-hash-style=gnu --enable-plugin --enable-initfini-array --with-isl --disable-libmpx --enable-offload-targets=nvptx-none --without-cuda-driver --enable-gnu-indirect-function --enable-cet --with-tune=generic --with-arch_32=x86-64 --build=x86_64-redhat-linux
Thread model: posix
gcc version 8.5.0 20210514 (Red Hat 8.5.0-10) (GCC) 
configure:5259: $? = 0
configure:5266: /bin/g++ -V >&5
g++: error: unrecognized command line option '-V'
g++: fatal error: no input files
compilation terminated.
configure:5269: $? = 1
configure:5272: checking whether we are using the GNU C++ compiler
configure:5301: /bin/g++ -c -m64 -fPIC -pthread -mcmodel=large -Wall -Wno-unused-variable           -Wmissing-prototypes Wmissing-declarations -m128bit-long-double -mlarge-data-threshold=90000000  conftest.cpp >&5
g++: error: Wmissing-declarations: No such file or directory
configure:5307: $? = 1
configure: failed program was:
| /* confdefs.h.  */
| #define PACKAGE_NAME "hdf-eos2"
| #define PACKAGE_TARNAME "hdf-eos2"
| #define PACKAGE_VERSION "4.2"
| #define PACKAGE_STRING "hdf-eos2 4.2"
| #define PACKAGE_BUGREPORT "null@bogus.email"
| #define PACKAGE "hdf-eos2"
| #define VERSION "4.2"
| #define STDC_HEADERS 1
| #define HAVE_SYS_TYPES_H 1
| #define HAVE_SYS_STAT_H 1
| #define HAVE_STDLIB_H 1
| #define HAVE_STRING_H 1
| #define HAVE_MEMORY_H 1
| #define HAVE_STRINGS_H 1
| #define HAVE_INTTYPES_H 1
| #define HAVE_STDINT_H 1
| #define HAVE_UNISTD_H 1
| #define HAVE_DLFCN_H 1
| /* end confdefs.h.  */
| 
| int
| main ()
| {
| #ifndef __GNUC__
|        choke me
| #endif
| 
|   ;
|   return 0;
| }
configure:5324: result: no
configure:5329: checking whether /bin/g++ accepts -g
configure:5359: /bin/g++ -c -g  conftest.cpp >&5
configure:5365: $? = 0
configure:5464: result: yes
configure:5489: checking dependency style of /bin/g++
configure:5579: result: gcc3
configure:5601: checking how to run the C++ preprocessor
configure:5637: /bin/g++ -E  conftest.cpp
configure:5643: $? = 0
configure:5674: /bin/g++ -E  conftest.cpp
conftest.cpp:21:10: fatal error: ac_nonexistent.h: No such file or directory
 #include <ac_nonexistent.h>
          ^~~~~~~~~~~~~~~~~~
compilation terminated.
configure:5680: $? = 1
configure: failed program was:
| /* confdefs.h.  */
| #define PACKAGE_NAME "hdf-eos2"
| #define PACKAGE_TARNAME "hdf-eos2"
| #define PACKAGE_VERSION "4.2"
| #define PACKAGE_STRING "hdf-eos2 4.2"
| #define PACKAGE_BUGREPORT "null@bogus.email"
| #define PACKAGE "hdf-eos2"
| #define VERSION "4.2"
| #define STDC_HEADERS 1
| #define HAVE_SYS_TYPES_H 1
| #define HAVE_SYS_STAT_H 1
| #define HAVE_STDLIB_H 1
| #define HAVE_STRING_H 1
| #define HAVE_MEMORY_H 1
| #define HAVE_STRINGS_H 1
| #define HAVE_INTTYPES_H 1
| #define HAVE_STDINT_H 1
| #define HAVE_UNISTD_H 1
| #define HAVE_DLFCN_H 1
| /* end confdefs.h.  */
| #include <ac_nonexistent.h>
configure:5713: result: /bin/g++ -E
configure:5742: /bin/g++ -E  conftest.cpp
configure:5748: $? = 0
configure:5779: /bin/g++ -E  conftest.cpp
conftest.cpp:21:10: fatal error: ac_nonexistent.h: No such file or directory
 #include <ac_nonexistent.h>
          ^~~~~~~~~~~~~~~~~~
compilation terminated.
configure:5785: $? = 1
configure: failed program was:
| /* confdefs.h.  */
| #define PACKAGE_NAME "hdf-eos2"
| #define PACKAGE_TARNAME "hdf-eos2"
| #define PACKAGE_VERSION "4.2"
| #define PACKAGE_STRING "hdf-eos2 4.2"
| #define PACKAGE_BUGREPORT "null@bogus.email"
| #define PACKAGE "hdf-eos2"
| #define VERSION "4.2"
| #define STDC_HEADERS 1
| #define HAVE_SYS_TYPES_H 1
| #define HAVE_SYS_STAT_H 1
| #define HAVE_STDLIB_H 1
| #define HAVE_STRING_H 1
| #define HAVE_MEMORY_H 1
| #define HAVE_STRINGS_H 1
| #define HAVE_INTTYPES_H 1
| #define HAVE_STDINT_H 1
| #define HAVE_UNISTD_H 1
| #define HAVE_DLFCN_H 1
| /* end confdefs.h.  */
| #include <ac_nonexistent.h>
configure:5933: checking for Fortran 77 compiler version
configure:5940: /bin/gfortran --version >&5
GNU Fortran (GCC) 8.5.0 20210514 (Red Hat 8.5.0-10)
Copyright (C) 2018 Free Software Foundation, Inc.
This is free software; see the source for copying conditions.  There is NO
warranty; not even for MERCHANTABILITY or FITNESS FOR A PARTICULAR PURPOSE.

configure:5943: $? = 0
configure:5950: /bin/gfortran -v >&5
Using built-in specs.
COLLECT_GCC=/bin/gfortran
COLLECT_LTO_WRAPPER=/usr/libexec/gcc/x86_64-redhat-linux/8/lto-wrapper
OFFLOAD_TARGET_NAMES=nvptx-none
OFFLOAD_TARGET_DEFAULT=1
Target: x86_64-redhat-linux
Configured with: ../configure --enable-bootstrap --enable-languages=c,c++,fortran,lto --prefix=/usr --mandir=/usr/share/man --infodir=/usr/share/info --with-bugurl=http://bugzilla.redhat.com/bugzilla --enable-shared --enable-threads=posix --enable-checking=release --enable-multilib --with-system-zlib --enable-__cxa_atexit --disable-libunwind-exceptions --enable-gnu-unique-object --enable-linker-build-id --with-gcc-major-version-only --with-linker-hash-style=gnu --enable-plugin --enable-initfini-array --with-isl --disable-libmpx --enable-offload-targets=nvptx-none --without-cuda-driver --enable-gnu-indirect-function --enable-cet --with-tune=generic --with-arch_32=x86-64 --build=x86_64-redhat-linux
Thread model: posix
gcc version 8.5.0 20210514 (Red Hat 8.5.0-10) (GCC) 
configure:5953: $? = 0
configure:5960: /bin/gfortran -V >&5
gfortran: error: unrecognized command line option '-V'
gfortran: fatal error: no input files
compilation terminated.
configure:5963: $? = 1
configure:5971: checking whether we are using the GNU Fortran 77 compiler
configure:5990: /bin/gfortran -c -m64 -fPIC -pthread -s -ffixed-line-length-132 -mcmodel=large -fdec-structure -fdec -mlarge-data-threshold=90000000 conftest.F >&5
configure:5996: $? = 0
configure:6013: result: yes
configure:6019: checking whether /bin/gfortran accepts -g
configure:6036: /bin/gfortran -c -g conftest.f >&5
configure:6042: $? = 0
configure:6058: result: yes
configure:6088: checking the maximum length of command line arguments
configure:6153: result: 32768
configure:6164: checking command to parse /usr/bin/nm -B output from /opt/packages/hdf4-4.2.15/bin/h4cc object
configure:6253: /opt/packages/hdf4-4.2.15/bin/h4cc -c -m64 -fPIC -pthread -s -mcmodel=large -Wall -Wno-unused-variable        -Wmissing-prototypes -Wmissing-declarations -m128bit-long-double -mlarge-data-threshold=90000000  conftest.c >&5
conftest.c:5:6: warning: no previous prototype for 'nm_test_func' [-Wmissing-prototypes]
 void nm_test_func(){}
      ^~~~~~~~~~~~
configure:6256: $? = 0
configure:6260: /usr/bin/nm -B conftest.o \| sed -n -e 's/^.*[ 	]\([ABCDGIRSTW][ABCDGIRSTW]*\)[ 	][ 	]*\(\)\([_A-Za-z][_A-Za-z0-9]*\)$/\1 \2\3 \3/p' \> conftest.nm
configure:6263: $? = 0
configure:6315: /opt/packages/hdf4-4.2.15/bin/h4cc -o conftest -m64 -fPIC -pthread -s -mcmodel=large -Wall -Wno-unused-variable        -Wmissing-prototypes -Wmissing-declarations -m128bit-long-double -mlarge-data-threshold=90000000  -m64 -pthread -fPIC -Wl,-Map,hdf-eos2-20v1.00.map -L/opt/packages/hdf-4.2.15/lib conftest.c conftstm.o >&5
configure:6318: $? = 0
configure:6356: result: ok
configure:6360: checking for objdir
configure:6375: result: .libs
configure:6467: checking for ar
configure:6483: found /usr/bin/ar
configure:6494: result: ar
configure:6563: checking for ranlib
configure:6579: found /usr/bin/ranlib
configure:6590: result: ranlib
configure:6659: checking for strip
configure:6675: found /usr/bin/strip
configure:6686: result: strip
configure:6962: checking if /opt/packages/hdf4-4.2.15/bin/h4cc static flag  works
configure:6985: result: yes
configure:7003: checking if /opt/packages/hdf4-4.2.15/bin/h4cc supports -fno-rtti -fno-exceptions
configure:7021: /opt/packages/hdf4-4.2.15/bin/h4cc -c -m64 -fPIC -pthread -s -mcmodel=large -Wall -Wno-unused-variable        -Wmissing-prototypes -Wmissing-declarations -m128bit-long-double -mlarge-data-threshold=90000000  -fno-rtti -fno-exceptions conftest.c >&5
cc1: warning: command line option '-fno-rtti' is valid for C++/ObjC++ but not for C
configure:7025: $? = 0
configure:7036: result: no
configure:7051: checking for /opt/packages/hdf4-4.2.15/bin/h4cc option to produce PIC
configure:7228: result: -fPIC
configure:7236: checking if /opt/packages/hdf4-4.2.15/bin/h4cc PIC flag -fPIC works
configure:7254: /opt/packages/hdf4-4.2.15/bin/h4cc -c -m64 -fPIC -pthread -s -mcmodel=large -Wall -Wno-unused-variable        -Wmissing-prototypes -Wmissing-declarations -m128bit-long-double -mlarge-data-threshold=90000000  -fPIC -DPIC conftest.c >&5
configure:7258: $? = 0
configure:7269: result: yes
configure:7293: checking if /opt/packages/hdf4-4.2.15/bin/h4cc supports -c -o file.o
configure:7314: /opt/packages/hdf4-4.2.15/bin/h4cc -c -m64 -fPIC -pthread -s -mcmodel=large -Wall -Wno-unused-variable        -Wmissing-prototypes -Wmissing-declarations -m128bit-long-double -mlarge-data-threshold=90000000  -o out/conftest2.o conftest.c >&5
configure:7318: $? = 0
configure:7338: result: yes
configure:7364: checking whether the /opt/packages/hdf4-4.2.15/bin/h4cc linker (/usr/bin/ld -m elf_x86_64) supports shared libraries
configure:8208: result: yes
configure:8279: checking dynamic linker characteristics
configure:8645: /opt/packages/hdf4-4.2.15/bin/h4cc -c -m64 -fPIC -pthread -s -mcmodel=large -Wall -Wno-unused-variable        -Wmissing-prototypes -Wmissing-declarations -m128bit-long-double -mlarge-data-threshold=90000000  conftest.c >&5
configure:8648: $? = 0
configure:8840: result: GNU/Linux ld.so
configure:8844: checking how to hardcode library paths into programs
configure:8869: result: immediate
configure:8883: checking whether stripping libraries is possible
configure:8888: result: yes
configure:9685: checking if libtool supports shared libraries
configure:9687: result: yes
configure:9690: checking whether to build shared libraries
configure:9748: result: no
configure:9751: checking whether to build static libraries
configure:9755: result: yes
configure:9847: creating libtool
configure:10536: checking whether the /bin/g++ linker (/usr/bin/ld -m elf_x86_64) supports shared libraries
configure:11360: result: yes
configure:11378: /bin/g++ -c -m64 -fPIC -pthread -mcmodel=large -Wall -Wno-unused-variable           -Wmissing-prototypes Wmissing-declarations -m128bit-long-double -mlarge-data-threshold=90000000  conftest.cc >&5
g++: error: Wmissing-declarations: No such file or directory
configure:11381: $? = 1
configure:11477: checking for /bin/g++ option to produce PIC
configure:11729: result: 
configure:11794: checking if /bin/g++ supports -c -o file.o
configure:11815: /bin/g++ -c -m64 -fPIC -pthread -mcmodel=large -Wall -Wno-unused-variable           -Wmissing-prototypes Wmissing-declarations -m128bit-long-double -mlarge-data-threshold=90000000  -o out/conftest2.o conftest.cc >&5
g++: error: Wmissing-declarations: No such file or directory
configure:11819: $? = 1
configure:11839: result: no
configure:11865: checking whether the /bin/g++ linker (/usr/bin/ld -m elf_x86_64) supports shared libraries
configure:11890: result: yes
configure:11961: checking dynamic linker characteristics
configure:12327: /bin/g++ -c -m64 -fPIC -pthread -mcmodel=large -Wall -Wno-unused-variable           -Wmissing-prototypes Wmissing-declarations -m128bit-long-double -mlarge-data-threshold=90000000  conftest.cc >&5
g++: error: Wmissing-declarations: No such file or directory
configure:12330: $? = 1
configure:12522: result: GNU/Linux ld.so
configure:12526: checking how to hardcode library paths into programs
configure:12551: result: immediate
configure:12565: checking whether stripping libraries is possible
configure:12570: result: yes
configure:13844: checking if libtool supports shared libraries
configure:13846: result: yes
configure:13849: checking whether to build shared libraries
configure:13867: result: no
configure:13870: checking whether to build static libraries
configure:13874: result: yes
configure:13886: checking for /bin/gfortran option to produce PIC
configure:14063: result: -fPIC
configure:14071: checking if /bin/gfortran PIC flag -fPIC works
configure:14089: /bin/gfortran -c -m64 -fPIC -pthread -s -ffixed-line-length-132 -mcmodel=large -fdec-structure -fdec -mlarge-data-threshold=90000000 -fPIC conftest.f >&5
configure:14093: $? = 0
configure:14104: result: yes
configure:14128: checking if /bin/gfortran supports -c -o file.o
configure:14149: /bin/gfortran -c -m64 -fPIC -pthread -s -ffixed-line-length-132 -mcmodel=large -fdec-structure -fdec -mlarge-data-threshold=90000000 -o out/conftest2.o conftest.f >&5
configure:14153: $? = 0
configure:14173: result: yes
configure:14199: checking whether the /bin/gfortran linker (/usr/bin/ld -m elf_x86_64) supports shared libraries
configure:15023: result: yes
configure:15094: checking dynamic linker characteristics
configure:15460: /bin/gfortran -c -m64 -fPIC -pthread -s -ffixed-line-length-132 -mcmodel=large -fdec-structure -fdec -mlarge-data-threshold=90000000 conftest.f >&5
conftest.f:1:2:

 #line 15459 "configure"
  1
Warning: Illegal preprocessor directive
configure:15463: $? = 0
configure:15655: result: GNU/Linux ld.so
configure:15659: checking how to hardcode library paths into programs
configure:15684: result: immediate
configure:15698: checking whether stripping libraries is possible
configure:15703: result: yes
configure:19777: checking for ceil in -lm
configure:19812: /opt/packages/hdf4-4.2.15/bin/h4cc -o conftest -m64 -fPIC -pthread -s -mcmodel=large -Wall -Wno-unused-variable        -Wmissing-prototypes -Wmissing-declarations -m128bit-long-double -mlarge-data-threshold=90000000  -m64 -pthread -fPIC -Wl,-Map,hdf-eos2-20v1.00.map -L/opt/packages/hdf-4.2.15/lib conftest.c -lm  -lmfhdf  -ldf -lsz -lz -ljpeg -lm -lxdr >&5
conftest.c:28:6: warning: conflicting types for built-in function 'ceil' [-Wbuiltin-declaration-mismatch]
 char ceil ();
      ^~~~
configure:19818: $? = 0
configure:19836: result: yes
configure:19862: checking for jpeg_set_defaults in -ljpeg
configure:19897: /opt/packages/hdf4-4.2.15/bin/h4cc -o conftest -m64 -fPIC -pthread -s -mcmodel=large -Wall -Wno-unused-variable        -Wmissing-prototypes -Wmissing-declarations -m128bit-long-double -mlarge-data-threshold=90000000  -m64 -pthread -fPIC -Wl,-Map,hdf-eos2-20v1.00.map -L/opt/packages/hdf-4.2.15/lib conftest.c -ljpeg  -lm -lmfhdf  -ldf -lsz -lz -ljpeg -lm -lxdr >&5
configure:19903: $? = 0
configure:19921: result: yes
configure:20081: checking zlib.h usability
configure:20098: /opt/packages/hdf4-4.2.15/bin/h4cc -c -m64 -fPIC -pthread -s -mcmodel=large -Wall -Wno-unused-variable        -Wmissing-prototypes -Wmissing-declarations -m128bit-long-double -mlarge-data-threshold=90000000  conftest.c >&5
configure:20104: $? = 0
configure:20118: result: yes
configure:20122: checking zlib.h presence
configure:20137: /opt/packages/hdf4-4.2.15/bin/h4cc -E  conftest.c
configure:20143: $? = 0
configure:20157: result: yes
configure:20190: checking for zlib.h
configure:20198: result: yes
configure:20212: checking for compress2 in -lz
configure:20247: /opt/packages/hdf4-4.2.15/bin/h4cc -o conftest -m64 -fPIC -pthread -s -mcmodel=large -Wall -Wno-unused-variable        -Wmissing-prototypes -Wmissing-declarations -m128bit-long-double -mlarge-data-threshold=90000000  -m64 -pthread -fPIC -Wl,-Map,hdf-eos2-20v1.00.map -L/opt/packages/hdf-4.2.15/lib conftest.c -lz  -ljpeg -lm -lmfhdf  -ldf -lsz -lz -ljpeg -lm -lxdr >&5
configure:20253: $? = 0
configure:20271: result: yes
configure:20561: checking for fc2Fortran macro
configure:20596: /opt/packages/hdf4-4.2.15/bin/h4cc -o conftest -m64 -fPIC -pthread -s -mcmodel=large -Wall -Wno-unused-variable        -Wmissing-prototypes -Wmissing-declarations -m128bit-long-double -mlarge-data-threshold=90000000  -m64 -pthread -fPIC -Wl,-Map,hdf-eos2-20v1.00.map -L/opt/packages/hdf-4.2.15/lib conftest.c -lz -ljpeg -lm -lmfhdf  -ldf -lsz -lz -ljpeg -lm -lxdr >&5
configure:20599: $? = 0
configure:20605: ./conftest
configure:20608: $? = 1
configure: program exited with status 1
configure: failed program was:
| /* confdefs.h.  */
| #define PACKAGE_NAME "hdf-eos2"
| #define PACKAGE_TARNAME "hdf-eos2"
| #define PACKAGE_VERSION "4.2"
| #define PACKAGE_STRING "hdf-eos2 4.2"
| #define PACKAGE_BUGREPORT "null@bogus.email"
| #define PACKAGE "hdf-eos2"
| #define VERSION "4.2"
| #define STDC_HEADERS 1
| #define HAVE_SYS_TYPES_H 1
| #define HAVE_SYS_STAT_H 1
| #define HAVE_STDLIB_H 1
| #define HAVE_STRING_H 1
| #define HAVE_MEMORY_H 1
| #define HAVE_STRINGS_H 1
| #define HAVE_INTTYPES_H 1
| #define HAVE_STDINT_H 1
| #define HAVE_UNISTD_H 1
| #define HAVE_DLFCN_H 1
| #define HAVE_LIBM 1
| #define HAVE_LIBJPEG 1
| #define HAVE_ZLIB_H 1
| #define HAVE_LIBZ 1
| /* end confdefs.h.  */
| 
|     int main(void)
|     {
|     #ifdef f2cFortran
|       return 0;
|     #else
|       return 1;
|     #endif
|     }
| 
configure:20631: result: not defined
configure:21973: checking for /opt/packages/szip-2.1.1/include/szlib.h
configure:21989: result: yes
configure:22032: checking szlib.h usability
configure:22049: /opt/packages/hdf4-4.2.15/bin/h4cc -c -m64 -fPIC -pthread -s -mcmodel=large -Wall -Wno-unused-variable        -Wmissing-prototypes -Wmissing-declarations -m128bit-long-double -mlarge-data-threshold=90000000  -I/opt/packages/szip-2.1.1/include conftest.c >&5
configure:22055: $? = 0
configure:22069: result: yes
configure:22073: checking szlib.h presence
configure:22088: /opt/packages/hdf4-4.2.15/bin/h4cc -E  -I/opt/packages/szip-2.1.1/include conftest.c
configure:22094: $? = 0
configure:22108: result: yes
configure:22141: checking for szlib.h
configure:22149: result: yes
configure:22170: checking for SZ_BufftoBuffCompress in -lsz
configure:22205: /opt/packages/hdf4-4.2.15/bin/h4cc -o conftest -m64 -fPIC -pthread -s -mcmodel=large -Wall -Wno-unused-variable        -Wmissing-prototypes -Wmissing-declarations -m128bit-long-double -mlarge-data-threshold=90000000  -I/opt/packages/szip-2.1.1/include -m64 -pthread -fPIC -Wl,-Map,hdf-eos2-20v1.00.map -L/opt/packages/hdf-4.2.15/lib -L/opt/packages/szip-2.1.1/lib conftest.c -lsz  -lz -ljpeg -lm -lmfhdf  -ldf -lsz -lz -ljpeg -lm -lxdr >&5
configure:22211: $? = 0
configure:22229: result: yes
configure:22259: checking for gawk
configure:22286: result: gawk
configure:22298: checking for h4cc
configure:22303: result: /opt/packages/hdf4-4.2.15/bin/h4cc
configure:22319: checking for szlib encoder
configure:22355: ./szip_cc -o conftest -m64 -fPIC -pthread -s -mcmodel=large -Wall -Wno-unused-variable        -Wmissing-prototypes -Wmissing-declarations -m128bit-long-double -mlarge-data-threshold=90000000  -I/opt/packages/szip-2.1.1/include -m64 -pthread -fPIC -Wl,-Map,hdf-eos2-20v1.00.map -L/opt/packages/hdf-4.2.15/lib -L/opt/packages/szip-2.1.1/lib conftest.c -lsz -lz -ljpeg -lm -lmfhdf  -ldf -lsz -lz -ljpeg -lm -lxdr >&5
conftest.c: In function 'main':
conftest.c:34:13: warning: implicit declaration of function 'exit' [-Wimplicit-function-declaration]
             exit(0);
             ^~~~
conftest.c:34:13: warning: incompatible implicit declaration of built-in function 'exit'
conftest.c:34:13: note: include '<stdlib.h>' or provide a declaration of 'exit'
conftest.c:30:1:
+#include <stdlib.h>
 
conftest.c:34:13:
             exit(0);
             ^~~~
configure:22358: $? = 0
configure:22364: ./conftest
configure:22367: $? = 0
configure:22421: ./szip_cc -o conftest -m64 -fPIC -pthread -s -mcmodel=large -Wall -Wno-unused-variable        -Wmissing-prototypes -Wmissing-declarations -m128bit-long-double -mlarge-data-threshold=90000000  -I/opt/packages/szip-2.1.1/include -m64 -pthread -fPIC -Wl,-Map,hdf-eos2-20v1.00.map -L/opt/packages/hdf-4.2.15/lib -L/opt/packages/szip-2.1.1/lib conftest.c -lsz -lz -ljpeg -lm -lmfhdf  -ldf -lsz -lz -ljpeg -lm -lxdr >&5
conftest.c: In function 'main':
conftest.c:35:17: warning: implicit declaration of function 'exit' [-Wimplicit-function-declaration]
                 exit(0);
                 ^~~~
conftest.c:35:17: warning: incompatible implicit declaration of built-in function 'exit'
conftest.c:35:17: note: include '<stdlib.h>' or provide a declaration of 'exit'
conftest.c:30:1:
+#include <stdlib.h>
 
conftest.c:35:17:
                 exit(0);
                 ^~~~
conftest.c:37:17: warning: incompatible implicit declaration of built-in function 'exit'
                 exit(1);
                 ^~~~
conftest.c:37:17: note: include '<stdlib.h>' or provide a declaration of 'exit'
configure:22424: $? = 0
configure:22430: ./conftest
configure:22433: $? = 0
configure:22472: result: yes
configure:22563: checking hdf.h usability
configure:22580: /opt/packages/hdf4-4.2.15/bin/h4cc -c -m64 -fPIC -pthread -s -mcmodel=large -Wall -Wno-unused-variable        -Wmissing-prototypes -Wmissing-declarations -m128bit-long-double -mlarge-data-threshold=90000000 -I/opt/packages/hdf4-4.2.15/include -m64 -fPIC -pthread -s -mcmodel=large -Wall -Wno-unused-variable        -Wmissing-prototypes -Wmissing-declarations -m128bit-long-double -mlarge-data-threshold=90000000 -I/opt/packages/hdf4-4.2.15/include conftest.c >&5
configure:22586: $? = 0
configure:22600: result: yes
configure:22604: checking hdf.h presence
configure:22619: /opt/packages/hdf4-4.2.15/bin/h4cc -E -m64 -fPIC -pthread -s -mcmodel=large -Wall -Wno-unused-variable        -Wmissing-prototypes -Wmissing-declarations -m128bit-long-double -mlarge-data-threshold=90000000 -I/opt/packages/hdf4-4.2.15/include conftest.c
configure:22625: $? = 0
configure:22639: result: yes
configure:22672: checking for hdf.h
configure:22680: result: yes
configure:22710: checking mfhdf.h usability
configure:22727: /opt/packages/hdf4-4.2.15/bin/h4cc -c -m64 -fPIC -pthread -s -mcmodel=large -Wall -Wno-unused-variable        -Wmissing-prototypes -Wmissing-declarations -m128bit-long-double -mlarge-data-threshold=90000000 -I/opt/packages/hdf4-4.2.15/include -m64 -fPIC -pthread -s -mcmodel=large -Wall -Wno-unused-variable        -Wmissing-prototypes -Wmissing-declarations -m128bit-long-double -mlarge-data-threshold=90000000 -I/opt/packages/hdf4-4.2.15/include conftest.c >&5
configure:22733: $? = 0
configure:22747: result: yes
configure:22751: checking mfhdf.h presence
configure:22766: /opt/packages/hdf4-4.2.15/bin/h4cc -E -m64 -fPIC -pthread -s -mcmodel=large -Wall -Wno-unused-variable        -Wmissing-prototypes -Wmissing-declarations -m128bit-long-double -mlarge-data-threshold=90000000 -I/opt/packages/hdf4-4.2.15/include conftest.c
configure:22772: $? = 0
configure:22786: result: yes
configure:22819: checking for mfhdf.h
configure:22827: result: yes
configure:22843: checking for main in -ldf
configure:22872: /opt/packages/hdf4-4.2.15/bin/h4cc -o conftest -m64 -fPIC -pthread -s -mcmodel=large -Wall -Wno-unused-variable        -Wmissing-prototypes -Wmissing-declarations -m128bit-long-double -mlarge-data-threshold=90000000 -I/opt/packages/hdf4-4.2.15/include -m64 -fPIC -pthread -s -mcmodel=large -Wall -Wno-unused-variable        -Wmissing-prototypes -Wmissing-declarations -m128bit-long-double -mlarge-data-threshold=90000000 -I/opt/packages/hdf4-4.2.15/include -m64 -pthread -fPIC -Wl,-Map,hdf-eos2-20v1.00.map -L/opt/packages/hdf-4.2.15/lib -L/opt/packages/szip-2.1.1/lib -L/opt/packages/hdf4-4.2.15/lib conftest.c -ldf  -lsz -lz -ljpeg -lm -lmfhdf  -ldf -lsz -lz -ljpeg -lm -lxdr >&5
configure:22878: $? = 0
configure:22896: result: yes
configure:22910: checking for main in -lmfhdf
configure:22939: /opt/packages/hdf4-4.2.15/bin/h4cc -o conftest -m64 -fPIC -pthread -s -mcmodel=large -Wall -Wno-unused-variable        -Wmissing-prototypes -Wmissing-declarations -m128bit-long-double -mlarge-data-threshold=90000000 -I/opt/packages/hdf4-4.2.15/include -m64 -fPIC -pthread -s -mcmodel=large -Wall -Wno-unused-variable        -Wmissing-prototypes -Wmissing-declarations -m128bit-long-double -mlarge-data-threshold=90000000 -I/opt/packages/hdf4-4.2.15/include -m64 -pthread -fPIC -Wl,-Map,hdf-eos2-20v1.00.map -L/opt/packages/hdf-4.2.15/lib -L/opt/packages/szip-2.1.1/lib -L/opt/packages/hdf4-4.2.15/lib conftest.c -lmfhdf  -ldf -lsz -lz -ljpeg -lm -lmfhdf  -ldf -lsz -lz -ljpeg -lm -lxdr >&5
configure:22945: $? = 0
configure:22963: result: yes
configure:22985: checking for hdf4 szip decoding filter
configure:23025: /opt/packages/hdf4-4.2.15/bin/h4cc -o conftest -m64 -fPIC -pthread -s -mcmodel=large -Wall -Wno-unused-variable        -Wmissing-prototypes -Wmissing-declarations -m128bit-long-double -mlarge-data-threshold=90000000 -I/opt/packages/hdf4-4.2.15/include -m64 -fPIC -pthread -s -mcmodel=large -Wall -Wno-unused-variable        -Wmissing-prototypes -Wmissing-declarations -m128bit-long-double -mlarge-data-threshold=90000000 -I/opt/packages/hdf4-4.2.15/include -m64 -pthread -fPIC -Wl,-Map,hdf-eos2-20v1.00.map -L/opt/packages/hdf-4.2.15/lib -L/opt/packages/szip-2.1.1/lib -L/opt/packages/hdf4-4.2.15/lib conftest.c -lmfhdf -ldf -lsz -lz -ljpeg -lm -lmfhdf  -ldf -lsz -lz -ljpeg -lm -lxdr >&5
configure:23028: $? = 0
configure:23034: ./conftest
configure:23037: $? = 0
configure:23060: result: yes
configure:23067: checking for hdf4 szip encoding filter
configure:23107: /opt/packages/hdf4-4.2.15/bin/h4cc -o conftest -m64 -fPIC -pthread -s -mcmodel=large -Wall -Wno-unused-variable        -Wmissing-prototypes -Wmissing-declarations -m128bit-long-double -mlarge-data-threshold=90000000 -I/opt/packages/hdf4-4.2.15/include -m64 -fPIC -pthread -s -mcmodel=large -Wall -Wno-unused-variable        -Wmissing-prototypes -Wmissing-declarations -m128bit-long-double -mlarge-data-threshold=90000000 -I/opt/packages/hdf4-4.2.15/include -m64 -pthread -fPIC -Wl,-Map,hdf-eos2-20v1.00.map -L/opt/packages/hdf-4.2.15/lib -L/opt/packages/szip-2.1.1/lib -L/opt/packages/hdf4-4.2.15/lib conftest.c -lmfhdf -ldf -lsz -lz -ljpeg -lm -lmfhdf  -ldf -lsz -lz -ljpeg -lm -lxdr >&5
configure:23110: $? = 0
configure:23116: ./conftest
configure:23119: $? = 0
configure:23143: result: yes
configure:23234: checking for gcc
configure:23261: result: /opt/packages/hdf4-4.2.15/bin/h4cc
configure:23499: checking for C compiler version
configure:23506: /opt/packages/hdf4-4.2.15/bin/h4cc --version >&5
gcc (GCC) 8.5.0 20210514 (Red Hat 8.5.0-10)
Copyright (C) 2018 Free Software Foundation, Inc.
This is free software; see the source for copying conditions.  There is NO
warranty; not even for MERCHANTABILITY or FITNESS FOR A PARTICULAR PURPOSE.

configure:23509: $? = 0
configure:23516: /opt/packages/hdf4-4.2.15/bin/h4cc -v >&5
Using built-in specs.
COLLECT_GCC=/usr/bin/gcc
COLLECT_LTO_WRAPPER=/usr/libexec/gcc/x86_64-redhat-linux/8/lto-wrapper
OFFLOAD_TARGET_NAMES=nvptx-none
OFFLOAD_TARGET_DEFAULT=1
Target: x86_64-redhat-linux
Configured with: ../configure --enable-bootstrap --enable-languages=c,c++,fortran,lto --prefix=/usr --mandir=/usr/share/man --infodir=/usr/share/info --with-bugurl=http://bugzilla.redhat.com/bugzilla --enable-shared --enable-threads=posix --enable-checking=release --enable-multilib --with-system-zlib --enable-__cxa_atexit --disable-libunwind-exceptions --enable-gnu-unique-object --enable-linker-build-id --with-gcc-major-version-only --with-linker-hash-style=gnu --enable-plugin --enable-initfini-array --with-isl --disable-libmpx --enable-offload-targets=nvptx-none --without-cuda-driver --enable-gnu-indirect-function --enable-cet --with-tune=generic --with-arch_32=x86-64 --build=x86_64-redhat-linux
Thread model: posix
gcc version 8.5.0 20210514 (Red Hat 8.5.0-10) (GCC) 
COMPILER_PATH=/usr/libexec/gcc/x86_64-redhat-linux/8/:/usr/libexec/gcc/x86_64-redhat-linux/8/:/usr/libexec/gcc/x86_64-redhat-linux/:/usr/lib/gcc/x86_64-redhat-linux/8/:/usr/lib/gcc/x86_64-redhat-linux/
LIBRARY_PATH=/usr/lib/gcc/x86_64-redhat-linux/8/:/usr/lib/gcc/x86_64-redhat-linux/8/../../../../lib64/:/lib/../lib64/:/usr/lib/../lib64/:/usr/lib/gcc/x86_64-redhat-linux/8/../../../:/lib/:/usr/lib/
COLLECT_GCC_OPTIONS='-pthread' '-s' '-mcmodel=large' '-Wall' '-Wno-unused-variable' '-Wmissing-prototypes' '-Wmissing-declarations' '-m128bit-long-double' '-mlarge-data-threshold=90000000' '-O3' '-fomit-frame-pointer' '-m64' '-pthread' '-fPIC' '-L/opt/packages/zlib-1.2.11/lib' '-L/opt/packages/szip-2.1.1/lib' '-v' '-L/opt/packages/hdf4-4.2.15/lib' '-mtune=generic' '-march=x86-64'
 /usr/libexec/gcc/x86_64-redhat-linux/8/collect2 -plugin /usr/libexec/gcc/x86_64-redhat-linux/8/liblto_plugin.so -plugin-opt=/usr/libexec/gcc/x86_64-redhat-linux/8/lto-wrapper -plugin-opt=-fresolution=/tmp/ccxQfmoy.res -plugin-opt=-pass-through=-lgcc -plugin-opt=-pass-through=-lgcc_s -plugin-opt=-pass-through=-lpthread -plugin-opt=-pass-through=-lc -plugin-opt=-pass-through=-lgcc -plugin-opt=-pass-through=-lgcc_s --build-id --no-add-needed --eh-frame-hdr --hash-style=gnu -m elf_x86_64 -dynamic-linker /lib64/ld-linux-x86-64.so.2 -s /usr/lib/gcc/x86_64-redhat-linux/8/../../../../lib64/crt1.o /usr/lib/gcc/x86_64-redhat-linux/8/../../../../lib64/crti.o /usr/lib/gcc/x86_64-redhat-linux/8/crtbegin.o -L/opt/packages/zlib-1.2.11/lib -L/opt/packages/szip-2.1.1/lib -L/opt/packages/hdf4-4.2.15/lib -L/usr/lib/gcc/x86_64-redhat-linux/8 -L/usr/lib/gcc/x86_64-redhat-linux/8/../../../../lib64 -L/lib/../lib64 -L/usr/lib/../lib64 -L/usr/lib/gcc/x86_64-redhat-linux/8/../../.. -Map hdf-4.2.15.map /opt/packages/hdf4-4.2.15/lib/libmfhdf.a /opt/packages/hdf4-4.2.15/lib/libdf.a -lsz -ljpeg -lz -lgcc --as-needed -lgcc_s --no-as-needed -lpthread -lc -lgcc --as-needed -lgcc_s --no-as-needed /usr/lib/gcc/x86_64-redhat-linux/8/crtend.o /usr/lib/gcc/x86_64-redhat-linux/8/../../../../lib64/crtn.o
/usr/lib/gcc/x86_64-redhat-linux/8/../../../../lib64/crt1.o: In function `_start':
(.text+0x24): undefined reference to `main'
collect2: error: ld returned 1 exit status
configure:23519: $? = 1
configure:23526: /opt/packages/hdf4-4.2.15/bin/h4cc -V >&5
gcc: error: unrecognized command line option '-V'
configure:23529: $? = 1
configure:23532: checking whether we are using the GNU C compiler
configure:23584: result: yes
configure:23589: checking whether /opt/packages/hdf4-4.2.15/bin/h4cc accepts -g
configure:23724: result: yes
configure:23741: checking for /opt/packages/hdf4-4.2.15/bin/h4cc option to accept ISO C89
configure:23844: result: none needed
configure:23864: checking dependency style of /opt/packages/hdf4-4.2.15/bin/h4cc
configure:23954: result: gcc3
configure:23984: checking for a BSD-compatible install
configure:24040: result: /usr/bin/install -c
configure:24051: checking whether ln -s works
configure:24055: result: yes
configure:24062: checking whether make sets $(MAKE)
configure:24083: result: yes
configure:24096: checking for ANSI C header files
configure:24260: result: yes
configure:24288: checking limits.h usability
configure:24305: /opt/packages/hdf4-4.2.15/bin/h4cc -c -m64 -fPIC -pthread -s -mcmodel=large -Wall -Wno-unused-variable        -Wmissing-prototypes -Wmissing-declarations -m128bit-long-double -mlarge-data-threshold=90000000 -I/opt/packages/hdf4-4.2.15/include -m64 -fPIC -pthread -s -mcmodel=large -Wall -Wno-unused-variable        -Wmissing-prototypes -Wmissing-declarations -m128bit-long-double -mlarge-data-threshold=90000000 -I/opt/packages/hdf4-4.2.15/include conftest.c >&5
configure:24311: $? = 0
configure:24325: result: yes
configure:24329: checking limits.h presence
configure:24344: /opt/packages/hdf4-4.2.15/bin/h4cc -E -m64 -fPIC -pthread -s -mcmodel=large -Wall -Wno-unused-variable        -Wmissing-prototypes -Wmissing-declarations -m128bit-long-double -mlarge-data-threshold=90000000 -I/opt/packages/hdf4-4.2.15/include conftest.c
configure:24350: $? = 0
configure:24364: result: yes
configure:24397: checking for limits.h
configure:24405: result: yes
configure:24288: checking malloc.h usability
configure:24305: /opt/packages/hdf4-4.2.15/bin/h4cc -c -m64 -fPIC -pthread -s -mcmodel=large -Wall -Wno-unused-variable        -Wmissing-prototypes -Wmissing-declarations -m128bit-long-double -mlarge-data-threshold=90000000 -I/opt/packages/hdf4-4.2.15/include -m64 -fPIC -pthread -s -mcmodel=large -Wall -Wno-unused-variable        -Wmissing-prototypes -Wmissing-declarations -m128bit-long-double -mlarge-data-threshold=90000000 -I/opt/packages/hdf4-4.2.15/include conftest.c >&5
configure:24311: $? = 0
configure:24325: result: yes
configure:24329: checking malloc.h presence
configure:24344: /opt/packages/hdf4-4.2.15/bin/h4cc -E -m64 -fPIC -pthread -s -mcmodel=large -Wall -Wno-unused-variable        -Wmissing-prototypes -Wmissing-declarations -m128bit-long-double -mlarge-data-threshold=90000000 -I/opt/packages/hdf4-4.2.15/include conftest.c
configure:24350: $? = 0
configure:24364: result: yes
configure:24397: checking for malloc.h
configure:24405: result: yes
configure:24278: checking for stdlib.h
configure:24284: result: yes
configure:24278: checking for string.h
configure:24284: result: yes
configure:24420: checking for an ANSI C-conforming const
configure:24495: /opt/packages/hdf4-4.2.15/bin/h4cc -c -m64 -fPIC -pthread -s -mcmodel=large -Wall -Wno-unused-variable        -Wmissing-prototypes -Wmissing-declarations -m128bit-long-double -mlarge-data-threshold=90000000 -I/opt/packages/hdf4-4.2.15/include -m64 -fPIC -pthread -s -mcmodel=large -Wall -Wno-unused-variable        -Wmissing-prototypes -Wmissing-declarations -m128bit-long-double -mlarge-data-threshold=90000000 -I/opt/packages/hdf4-4.2.15/include conftest.c >&5
conftest.c: In function 'main':
conftest.c:69:7: warning: 't' is used uninitialized in this function [-Wuninitialized]
     *t++ = 0;
      ~^~
conftest.c:91:13: warning: 'cs[0]' is used uninitialized in this function [-Wuninitialized]
   return !cs[0] && !zero.x;
           ~~^~~
configure:24501: $? = 0
configure:24516: result: yes
configure:24526: checking for off_t
configure:24556: /opt/packages/hdf4-4.2.15/bin/h4cc -c -m64 -fPIC -pthread -s -mcmodel=large -Wall -Wno-unused-variable        -Wmissing-prototypes -Wmissing-declarations -m128bit-long-double -mlarge-data-threshold=90000000 -I/opt/packages/hdf4-4.2.15/include -m64 -fPIC -pthread -s -mcmodel=large -Wall -Wno-unused-variable        -Wmissing-prototypes -Wmissing-declarations -m128bit-long-double -mlarge-data-threshold=90000000 -I/opt/packages/hdf4-4.2.15/include conftest.c >&5
configure:24562: $? = 0
configure:24577: result: yes
configure:24589: checking for size_t
configure:24619: /opt/packages/hdf4-4.2.15/bin/h4cc -c -m64 -fPIC -pthread -s -mcmodel=large -Wall -Wno-unused-variable        -Wmissing-prototypes -Wmissing-declarations -m128bit-long-double -mlarge-data-threshold=90000000 -I/opt/packages/hdf4-4.2.15/include -m64 -fPIC -pthread -s -mcmodel=large -Wall -Wno-unused-variable        -Wmissing-prototypes -Wmissing-declarations -m128bit-long-double -mlarge-data-threshold=90000000 -I/opt/packages/hdf4-4.2.15/include conftest.c >&5
configure:24625: $? = 0
configure:24640: result: yes
configure:24659: checking for stdlib.h
configure:24665: result: yes
configure:24799: checking for GNU libc compatible malloc
configure:24833: /opt/packages/hdf4-4.2.15/bin/h4cc -o conftest -m64 -fPIC -pthread -s -mcmodel=large -Wall -Wno-unused-variable        -Wmissing-prototypes -Wmissing-declarations -m128bit-long-double -mlarge-data-threshold=90000000 -I/opt/packages/hdf4-4.2.15/include -m64 -fPIC -pthread -s -mcmodel=large -Wall -Wno-unused-variable        -Wmissing-prototypes -Wmissing-declarations -m128bit-long-double -mlarge-data-threshold=90000000 -I/opt/packages/hdf4-4.2.15/include -m64 -pthread -fPIC -Wl,-Map,hdf-eos2-20v1.00.map -L/opt/packages/hdf-4.2.15/lib -L/opt/packages/szip-2.1.1/lib -L/opt/packages/hdf4-4.2.15/lib conftest.c -lmfhdf -ldf -lsz -lz -ljpeg -lm -lmfhdf  -ldf -lsz -lz -ljpeg -lm -lxdr >&5
configure:24836: $? = 0
configure:24842: ./conftest
configure:24845: $? = 0
configure:24861: result: yes
configure:24889: checking for working memcmp
configure:24942: /opt/packages/hdf4-4.2.15/bin/h4cc -o conftest -m64 -fPIC -pthread -s -mcmodel=large -Wall -Wno-unused-variable        -Wmissing-prototypes -Wmissing-declarations -m128bit-long-double -mlarge-data-threshold=90000000 -I/opt/packages/hdf4-4.2.15/include -m64 -fPIC -pthread -s -mcmodel=large -Wall -Wno-unused-variable        -Wmissing-prototypes -Wmissing-declarations -m128bit-long-double -mlarge-data-threshold=90000000 -I/opt/packages/hdf4-4.2.15/include -m64 -pthread -fPIC -Wl,-Map,hdf-eos2-20v1.00.map -L/opt/packages/hdf-4.2.15/lib -L/opt/packages/szip-2.1.1/lib -L/opt/packages/hdf4-4.2.15/lib conftest.c -lmfhdf -ldf -lsz -lz -ljpeg -lm -lmfhdf  -ldf -lsz -lz -ljpeg -lm -lxdr >&5
configure:24945: $? = 0
configure:24951: ./conftest
configure:24954: $? = 0
configure:24970: result: yes
configure:24984: checking for stdlib.h
configure:24990: result: yes
configure:25124: checking for GNU libc compatible realloc
configure:25158: /opt/packages/hdf4-4.2.15/bin/h4cc -o conftest -m64 -fPIC -pthread -s -mcmodel=large -Wall -Wno-unused-variable        -Wmissing-prototypes -Wmissing-declarations -m128bit-long-double -mlarge-data-threshold=90000000 -I/opt/packages/hdf4-4.2.15/include -m64 -fPIC -pthread -s -mcmodel=large -Wall -Wno-unused-variable        -Wmissing-prototypes -Wmissing-declarations -m128bit-long-double -mlarge-data-threshold=90000000 -I/opt/packages/hdf4-4.2.15/include -m64 -pthread -fPIC -Wl,-Map,hdf-eos2-20v1.00.map -L/opt/packages/hdf-4.2.15/lib -L/opt/packages/szip-2.1.1/lib -L/opt/packages/hdf4-4.2.15/lib conftest.c -lmfhdf -ldf -lsz -lz -ljpeg -lm -lmfhdf  -ldf -lsz -lz -ljpeg -lm -lxdr >&5
configure:25161: $? = 0
configure:25167: ./conftest
configure:25170: $? = 0
configure:25186: result: yes
configure:25214: checking for error_at_line
configure:25240: /opt/packages/hdf4-4.2.15/bin/h4cc -o conftest -m64 -fPIC -pthread -s -mcmodel=large -Wall -Wno-unused-variable        -Wmissing-prototypes -Wmissing-declarations -m128bit-long-double -mlarge-data-threshold=90000000 -I/opt/packages/hdf4-4.2.15/include -m64 -fPIC -pthread -s -mcmodel=large -Wall -Wno-unused-variable        -Wmissing-prototypes -Wmissing-declarations -m128bit-long-double -mlarge-data-threshold=90000000 -I/opt/packages/hdf4-4.2.15/include -m64 -pthread -fPIC -Wl,-Map,hdf-eos2-20v1.00.map -L/opt/packages/hdf-4.2.15/lib -L/opt/packages/szip-2.1.1/lib -L/opt/packages/hdf4-4.2.15/lib conftest.c -lmfhdf -ldf -lsz -lz -ljpeg -lm -lmfhdf  -ldf -lsz -lz -ljpeg -lm -lxdr >&5
configure:25246: $? = 0
configure:25263: result: yes
configure:25284: checking for memchr
configure:25340: /opt/packages/hdf4-4.2.15/bin/h4cc -o conftest -m64 -fPIC -pthread -s -mcmodel=large -Wall -Wno-unused-variable        -Wmissing-prototypes -Wmissing-declarations -m128bit-long-double -mlarge-data-threshold=90000000 -I/opt/packages/hdf4-4.2.15/include -m64 -fPIC -pthread -s -mcmodel=large -Wall -Wno-unused-variable        -Wmissing-prototypes -Wmissing-declarations -m128bit-long-double -mlarge-data-threshold=90000000 -I/opt/packages/hdf4-4.2.15/include -m64 -pthread -fPIC -Wl,-Map,hdf-eos2-20v1.00.map -L/opt/packages/hdf-4.2.15/lib -L/opt/packages/szip-2.1.1/lib -L/opt/packages/hdf4-4.2.15/lib conftest.c -lmfhdf -ldf -lsz -lz -ljpeg -lm -lmfhdf  -ldf -lsz -lz -ljpeg -lm -lxdr >&5
conftest.c:67:6: warning: conflicting types for built-in function 'memchr' [-Wbuiltin-declaration-mismatch]
 char memchr ();
      ^~~~~~
configure:25346: $? = 0
configure:25364: result: yes
configure:25284: checking for memmove
configure:25340: /opt/packages/hdf4-4.2.15/bin/h4cc -o conftest -m64 -fPIC -pthread -s -mcmodel=large -Wall -Wno-unused-variable        -Wmissing-prototypes -Wmissing-declarations -m128bit-long-double -mlarge-data-threshold=90000000 -I/opt/packages/hdf4-4.2.15/include -m64 -fPIC -pthread -s -mcmodel=large -Wall -Wno-unused-variable        -Wmissing-prototypes -Wmissing-declarations -m128bit-long-double -mlarge-data-threshold=90000000 -I/opt/packages/hdf4-4.2.15/include -m64 -pthread -fPIC -Wl,-Map,hdf-eos2-20v1.00.map -L/opt/packages/hdf-4.2.15/lib -L/opt/packages/szip-2.1.1/lib -L/opt/packages/hdf4-4.2.15/lib conftest.c -lmfhdf -ldf -lsz -lz -ljpeg -lm -lmfhdf  -ldf -lsz -lz -ljpeg -lm -lxdr >&5
conftest.c:68:6: warning: conflicting types for built-in function 'memmove' [-Wbuiltin-declaration-mismatch]
 char memmove ();
      ^~~~~~~
configure:25346: $? = 0
configure:25364: result: yes
configure:25284: checking for memset
configure:25340: /opt/packages/hdf4-4.2.15/bin/h4cc -o conftest -m64 -fPIC -pthread -s -mcmodel=large -Wall -Wno-unused-variable        -Wmissing-prototypes -Wmissing-declarations -m128bit-long-double -mlarge-data-threshold=90000000 -I/opt/packages/hdf4-4.2.15/include -m64 -fPIC -pthread -s -mcmodel=large -Wall -Wno-unused-variable        -Wmissing-prototypes -Wmissing-declarations -m128bit-long-double -mlarge-data-threshold=90000000 -I/opt/packages/hdf4-4.2.15/include -m64 -pthread -fPIC -Wl,-Map,hdf-eos2-20v1.00.map -L/opt/packages/hdf-4.2.15/lib -L/opt/packages/szip-2.1.1/lib -L/opt/packages/hdf4-4.2.15/lib conftest.c -lmfhdf -ldf -lsz -lz -ljpeg -lm -lmfhdf  -ldf -lsz -lz -ljpeg -lm -lxdr >&5
conftest.c:69:6: warning: conflicting types for built-in function 'memset' [-Wbuiltin-declaration-mismatch]
 char memset ();
      ^~~~~~
configure:25346: $? = 0
configure:25364: result: yes
configure:25284: checking for pow
configure:25340: /opt/packages/hdf4-4.2.15/bin/h4cc -o conftest -m64 -fPIC -pthread -s -mcmodel=large -Wall -Wno-unused-variable        -Wmissing-prototypes -Wmissing-declarations -m128bit-long-double -mlarge-data-threshold=90000000 -I/opt/packages/hdf4-4.2.15/include -m64 -fPIC -pthread -s -mcmodel=large -Wall -Wno-unused-variable        -Wmissing-prototypes -Wmissing-declarations -m128bit-long-double -mlarge-data-threshold=90000000 -I/opt/packages/hdf4-4.2.15/include -m64 -pthread -fPIC -Wl,-Map,hdf-eos2-20v1.00.map -L/opt/packages/hdf-4.2.15/lib -L/opt/packages/szip-2.1.1/lib -L/opt/packages/hdf4-4.2.15/lib conftest.c -lmfhdf -ldf -lsz -lz -ljpeg -lm -lmfhdf  -ldf -lsz -lz -ljpeg -lm -lxdr >&5
conftest.c:70:6: warning: conflicting types for built-in function 'pow' [-Wbuiltin-declaration-mismatch]
 char pow ();
      ^~~
configure:25346: $? = 0
configure:25364: result: yes
configure:25284: checking for sqrt
configure:25340: /opt/packages/hdf4-4.2.15/bin/h4cc -o conftest -m64 -fPIC -pthread -s -mcmodel=large -Wall -Wno-unused-variable        -Wmissing-prototypes -Wmissing-declarations -m128bit-long-double -mlarge-data-threshold=90000000 -I/opt/packages/hdf4-4.2.15/include -m64 -fPIC -pthread -s -mcmodel=large -Wall -Wno-unused-variable        -Wmissing-prototypes -Wmissing-declarations -m128bit-long-double -mlarge-data-threshold=90000000 -I/opt/packages/hdf4-4.2.15/include -m64 -pthread -fPIC -Wl,-Map,hdf-eos2-20v1.00.map -L/opt/packages/hdf-4.2.15/lib -L/opt/packages/szip-2.1.1/lib -L/opt/packages/hdf4-4.2.15/lib conftest.c -lmfhdf -ldf -lsz -lz -ljpeg -lm -lmfhdf  -ldf -lsz -lz -ljpeg -lm -lxdr >&5
conftest.c:71:6: warning: conflicting types for built-in function 'sqrt' [-Wbuiltin-declaration-mismatch]
 char sqrt ();
      ^~~~
configure:25346: $? = 0
configure:25364: result: yes
configure:25284: checking for strchr
configure:25340: /opt/packages/hdf4-4.2.15/bin/h4cc -o conftest -m64 -fPIC -pthread -s -mcmodel=large -Wall -Wno-unused-variable        -Wmissing-prototypes -Wmissing-declarations -m128bit-long-double -mlarge-data-threshold=90000000 -I/opt/packages/hdf4-4.2.15/include -m64 -fPIC -pthread -s -mcmodel=large -Wall -Wno-unused-variable        -Wmissing-prototypes -Wmissing-declarations -m128bit-long-double -mlarge-data-threshold=90000000 -I/opt/packages/hdf4-4.2.15/include -m64 -pthread -fPIC -Wl,-Map,hdf-eos2-20v1.00.map -L/opt/packages/hdf-4.2.15/lib -L/opt/packages/szip-2.1.1/lib -L/opt/packages/hdf4-4.2.15/lib conftest.c -lmfhdf -ldf -lsz -lz -ljpeg -lm -lmfhdf  -ldf -lsz -lz -ljpeg -lm -lxdr >&5
conftest.c:72:6: warning: conflicting types for built-in function 'strchr' [-Wbuiltin-declaration-mismatch]
 char strchr ();
      ^~~~~~
configure:25346: $? = 0
configure:25364: result: yes
configure:25284: checking for strstr
configure:25340: /opt/packages/hdf4-4.2.15/bin/h4cc -o conftest -m64 -fPIC -pthread -s -mcmodel=large -Wall -Wno-unused-variable        -Wmissing-prototypes -Wmissing-declarations -m128bit-long-double -mlarge-data-threshold=90000000 -I/opt/packages/hdf4-4.2.15/include -m64 -fPIC -pthread -s -mcmodel=large -Wall -Wno-unused-variable        -Wmissing-prototypes -Wmissing-declarations -m128bit-long-double -mlarge-data-threshold=90000000 -I/opt/packages/hdf4-4.2.15/include -m64 -pthread -fPIC -Wl,-Map,hdf-eos2-20v1.00.map -L/opt/packages/hdf-4.2.15/lib -L/opt/packages/szip-2.1.1/lib -L/opt/packages/hdf4-4.2.15/lib conftest.c -lmfhdf -ldf -lsz -lz -ljpeg -lm -lmfhdf  -ldf -lsz -lz -ljpeg -lm -lxdr >&5
conftest.c:73:6: warning: conflicting types for built-in function 'strstr' [-Wbuiltin-declaration-mismatch]
 char strstr ();
      ^~~~~~
configure:25346: $? = 0
configure:25364: result: yes
configure:25387: checking for testdrivers directory
configure:25403: result: not found
configure:25405: WARNING: testdrivers directory is not present. Tests will not be run
configure:25661: creating ./config.status

## ---------------------- ##
## Running config.status. ##
## ---------------------- ##

This file was extended by hdf-eos2 config.status 4.2, which was
generated by GNU Autoconf 2.61.  Invocation command line was

  CONFIG_FILES    = 
  CONFIG_HEADERS  = 
  CONFIG_LINKS    = 
  CONFIG_COMMANDS = 
  $ ./config.status 

on eta2.jpl.nasa.gov

config.status:687: creating Makefile
config.status:687: creating include/Makefile
config.status:687: creating src/Makefile
config.status:687: creating gctp/Makefile
config.status:687: creating gctp/include/Makefile
config.status:687: creating gctp/src/Makefile
config.status:687: creating samples/Makefile
config.status:687: creating include/HE2_config.h
config.status:993: executing depfiles commands

## ---------------- ##
## Cache variables. ##
## ---------------- ##

ac_cv_build=x86_64-unknown-linux-gnu
ac_cv_c_compiler_gnu=yes
ac_cv_c_const=yes
ac_cv_cxx_compiler_gnu=no
ac_cv_env_CCC_set=
ac_cv_env_CCC_value=
ac_cv_env_CC_set=set
ac_cv_env_CC_value=/opt/packages/hdf4-4.2.15/bin/h4cc
ac_cv_env_CFLAGS_set=set
ac_cv_env_CFLAGS_value='-m64 -fPIC -pthread -s -mcmodel=large -Wall -Wno-unused-variable        -Wmissing-prototypes -Wmissing-declarations -m128bit-long-double -mlarge-data-threshold=90000000'
ac_cv_env_CPPFLAGS_set=
ac_cv_env_CPPFLAGS_value=
ac_cv_env_CPP_set=
ac_cv_env_CPP_value=
ac_cv_env_CXXCPP_set=
ac_cv_env_CXXCPP_value=
ac_cv_env_CXXFLAGS_set=set
ac_cv_env_CXXFLAGS_value='-m64 -fPIC -pthread -mcmodel=large -Wall -Wno-unused-variable           -Wmissing-prototypes Wmissing-declarations -m128bit-long-double -mlarge-data-threshold=90000000'
ac_cv_env_CXX_set=set
ac_cv_env_CXX_value=/bin/g++
ac_cv_env_F77_set=set
ac_cv_env_F77_value=/bin/gfortran
ac_cv_env_FCFLAGS_set=
ac_cv_env_FCFLAGS_value=
ac_cv_env_FC_set=
ac_cv_env_FC_value=
ac_cv_env_FFLAGS_set=set
ac_cv_env_FFLAGS_value='-m64 -fPIC -pthread -s -ffixed-line-length-132 -mcmodel=large -fdec-structure -fdec -mlarge-data-threshold=90000000'
ac_cv_env_LDFLAGS_set=set
ac_cv_env_LDFLAGS_value='-m64 -pthread -fPIC -Wl,-Map,hdf-eos2-20v1.00.map -L/opt/packages/hdf-4.2.15/lib'
ac_cv_env_LIBS_set=set
ac_cv_env_LIBS_value='-lmfhdf  -ldf -lsz -lz -ljpeg -lm -lxdr'
ac_cv_env_build_alias_set=
ac_cv_env_build_alias_value=
ac_cv_env_host_alias_set=
ac_cv_env_host_alias_value=
ac_cv_env_target_alias_set=
ac_cv_env_target_alias_value=
ac_cv_f77_compiler_gnu=yes
ac_cv_file__opt_packages_szip_2_1_1_include_szlib_h=yes
ac_cv_func_malloc_0_nonnull=yes
ac_cv_func_memchr=yes
ac_cv_func_memcmp_working=yes
ac_cv_func_memmove=yes
ac_cv_func_memset=yes
ac_cv_func_pow=yes
ac_cv_func_realloc_0_nonnull=yes
ac_cv_func_sqrt=yes
ac_cv_func_strchr=yes
ac_cv_func_strstr=yes
ac_cv_header_dlfcn_h=yes
ac_cv_header_hdf_h=yes
ac_cv_header_inttypes_h=yes
ac_cv_header_limits_h=yes
ac_cv_header_malloc_h=yes
ac_cv_header_memory_h=yes
ac_cv_header_mfhdf_h=yes
ac_cv_header_stdc=yes
ac_cv_header_stdint_h=yes
ac_cv_header_stdlib_h=yes
ac_cv_header_string_h=yes
ac_cv_header_strings_h=yes
ac_cv_header_sys_stat_h=yes
ac_cv_header_sys_types_h=yes
ac_cv_header_szlib_h=yes
ac_cv_header_unistd_h=yes
ac_cv_header_zlib_h=yes
ac_cv_host=x86_64-unknown-linux-gnu
ac_cv_lib_df_main=yes
ac_cv_lib_error_at_line=yes
ac_cv_lib_jpeg_jpeg_set_defaults=yes
ac_cv_lib_m_ceil=yes
ac_cv_lib_mfhdf_main=yes
ac_cv_lib_sz_SZ_BufftoBuffCompress=yes
ac_cv_lib_z_compress2=yes
ac_cv_objext=o
ac_cv_path_EGREP='/usr/bin/grep -E'
ac_cv_path_GREP=/usr/bin/grep
ac_cv_path_install='/usr/bin/install -c'
ac_cv_prog_AWK=gawk
ac_cv_prog_CPP='/opt/packages/hdf4-4.2.15/bin/h4cc -E'
ac_cv_prog_CXXCPP='/bin/g++ -E'
ac_cv_prog_ac_ct_AR=ar
ac_cv_prog_ac_ct_CC=/opt/packages/hdf4-4.2.15/bin/h4cc
ac_cv_prog_ac_ct_RANLIB=ranlib
ac_cv_prog_ac_ct_STRIP=strip
ac_cv_prog_cc_c89=
ac_cv_prog_cc_g=yes
ac_cv_prog_cxx_g=yes
ac_cv_prog_f77_g=yes
ac_cv_prog_make_make_set=yes
ac_cv_type_off_t=yes
ac_cv_type_size_t=yes
am_cv_CC_dependencies_compiler_type=gcc3
am_cv_CXX_dependencies_compiler_type=gcc3
he2_cv_f2cFortran_defined=no
he2_cv_hdf4_szip_can_decode=yes
he2_cv_hdf4_szip_can_encode=yes
he2_cv_szlib_can_encode=yes
he2_cv_szlib_functional=yes
lt_cv_deplibs_check_method=pass_all
lt_cv_file_magic_cmd='$MAGIC_CMD'
lt_cv_file_magic_test_file='/lib/libc.so* /lib/libc-*.so'
lt_cv_ld_reload_flag=-r
lt_cv_objdir=.libs
lt_cv_path_LD=/usr/bin/ld
lt_cv_path_LDCXX=
lt_cv_path_NM='/usr/bin/nm -B'
lt_cv_path_SED=/usr/bin/sed
lt_cv_prog_compiler_c_o=yes
lt_cv_prog_compiler_c_o_CXX=no
lt_cv_prog_compiler_c_o_F77=yes
lt_cv_prog_compiler_rtti_exceptions=no
lt_cv_prog_gnu_ld=yes
lt_cv_prog_gnu_ldcxx=
lt_cv_sys_global_symbol_pipe='sed -n -e '\''s/^.*[ 	]\([ABCDGIRSTW][ABCDGIRSTW]*\)[ 	][ 	]*\(\)\([_A-Za-z][_A-Za-z0-9]*\)$/\1 \2\3 \3/p'\'''
lt_cv_sys_global_symbol_to_c_name_address='sed -n -e '\''s/^: \([^ ]*\) $/  {\"\1\", (lt_ptr) 0},/p'\'' -e '\''s/^[BCDEGRST] \([^ ]*\) \([^ ]*\)$/  {"\2", (lt_ptr) \&\2},/p'\'''
lt_cv_sys_global_symbol_to_cdecl='sed -n -e '\''s/^. .* \(.*\)$/extern int \1;/p'\'''
lt_cv_sys_max_cmd_len=32768
lt_lt_cv_prog_compiler_c_o='"yes"'
lt_lt_cv_prog_compiler_c_o_CXX='"no"'
lt_lt_cv_prog_compiler_c_o_F77='"yes"'
lt_lt_cv_sys_global_symbol_pipe='"sed -n -e '\''s/^.*[ 	]\\([ABCDGIRSTW][ABCDGIRSTW]*\\)[ 	][ 	]*\\(\\)\\([_A-Za-z][_A-Za-z0-9]*\\)\$/\\1 \\2\\3 \\3/p'\''"'
lt_lt_cv_sys_global_symbol_to_c_name_address='"sed -n -e '\''s/^: \\([^ ]*\\) \$/  {\\\"\\1\\\", (lt_ptr) 0},/p'\'' -e '\''s/^[BCDEGRST] \\([^ ]*\\) \\([^ ]*\\)\$/  {\"\\2\", (lt_ptr) \\&\\2},/p'\''"'
lt_lt_cv_sys_global_symbol_to_cdecl='"sed -n -e '\''s/^. .* \\(.*\\)\$/extern int \\1;/p'\''"'

## ----------------- ##
## Output variables. ##
## ----------------- ##

ACLOCAL='${SHELL} /home/jsg/SIPS/eta2/hdfeos/config/missing --run aclocal-1.9'
AMDEPBACKSLASH='\'
AMDEP_FALSE='#'
AMDEP_TRUE=''
AMTAR='${SHELL} /home/jsg/SIPS/eta2/hdfeos/config/missing --run tar'
AR='ar'
AUTOCONF='${SHELL} /home/jsg/SIPS/eta2/hdfeos/config/missing --run autoconf'
AUTOHEADER='${SHELL} /home/jsg/SIPS/eta2/hdfeos/config/missing --run autoheader'
AUTOMAKE='${SHELL} /home/jsg/SIPS/eta2/hdfeos/config/missing --run automake-1.9'
AWK='gawk'
CC='/opt/packages/hdf4-4.2.15/bin/h4cc'
CCDEPMODE='depmode=gcc3'
CFLAGS='-m64 -fPIC -pthread -s -mcmodel=large -Wall -Wno-unused-variable        -Wmissing-prototypes -Wmissing-declarations -m128bit-long-double -mlarge-data-threshold=90000000 -I/opt/packages/hdf4-4.2.15/include'
CPP='/opt/packages/hdf4-4.2.15/bin/h4cc -E'
CPPFLAGS='-m64 -fPIC -pthread -s -mcmodel=large -Wall -Wno-unused-variable        -Wmissing-prototypes -Wmissing-declarations -m128bit-long-double -mlarge-data-threshold=90000000 -I/opt/packages/hdf4-4.2.15/include'
CXX='/bin/g++'
CXXCPP='/bin/g++ -E'
CXXDEPMODE='depmode=gcc3'
CXXFLAGS='-m64 -fPIC -pthread -mcmodel=large -Wall -Wno-unused-variable           -Wmissing-prototypes Wmissing-declarations -m128bit-long-double -mlarge-data-threshold=90000000'
CYGPATH_W='echo'
DEFS='-DHAVE_CONFIG_H'
DEPDIR='.deps'
ECHO='echo'
ECHO_C=''
ECHO_N='-n'
ECHO_T=''
EGREP='/usr/bin/grep -E'
EXEEXT=''
F2CFORTRAN_32PTR_CONDITIONAL_FALSE=''
F2CFORTRAN_32PTR_CONDITIONAL_TRUE='#'
F2CFORTRAN_90_CONDITIONAL_FALSE=''
F2CFORTRAN_90_CONDITIONAL_TRUE='#'
F2CFORTRAN_CONDITIONAL_FALSE=''
F2CFORTRAN_CONDITIONAL_TRUE='#'
F77='/bin/gfortran'
FC=''
FCFLAGS=''
FFLAGS='-m64 -fPIC -pthread -s -ffixed-line-length-132 -mcmodel=large -fdec-structure -fdec -mlarge-data-threshold=90000000'
GREP='/usr/bin/grep'
INSTALL_DATA='${INSTALL} -m 644'
INSTALL_INCLUDE_CONDITIONAL_FALSE='#'
INSTALL_INCLUDE_CONDITIONAL_TRUE=''
INSTALL_PROGRAM='${INSTALL}'
INSTALL_SCRIPT='${INSTALL}'
INSTALL_STRIP_PROGRAM='${SHELL} $(install_sh) -c -s'
LDFLAGS='-m64 -pthread -fPIC -Wl,-Map,hdf-eos2-20v1.00.map -L/opt/packages/hdf-4.2.15/lib -L/opt/packages/szip-2.1.1/lib -L/opt/packages/hdf4-4.2.15/lib'
LIBOBJS=''
LIBS='-lmfhdf -ldf -lsz -lz -ljpeg -lm -lmfhdf  -ldf -lsz -lz -ljpeg -lm -lxdr'
LIBTOOL='$(SHELL) $(top_builddir)/libtool'
LN_S='ln -s'
LTLIBOBJS=''
MAINT='#'
MAINTAINER_MODE_FALSE=''
MAINTAINER_MODE_TRUE='#'
MAKEINFO='${SHELL} /home/jsg/SIPS/eta2/hdfeos/config/missing --run makeinfo'
OBJEXT='o'
PACKAGE='hdf-eos2'
PACKAGE_BUGREPORT='null@bogus.email'
PACKAGE_NAME='hdf-eos2'
PACKAGE_STRING='hdf-eos2 4.2'
PACKAGE_TARNAME='hdf-eos2'
PACKAGE_VERSION='4.2'
PATH_SEPARATOR=':'
RANLIB='ranlib'
SET_MAKE=''
SHELL='/bin/sh'
STRIP='strip'
SZIP_ENCODER_CONDITIONAL_FALSE='#'
SZIP_ENCODER_CONDITIONAL_TRUE=''
TESTDRIVERS_CONDITIONAL_FALSE=''
TESTDRIVERS_CONDITIONAL_TRUE='#'
VERSION='4.2'
ac_ct_CC='/opt/packages/hdf4-4.2.15/bin/h4cc'
ac_ct_CXX=''
ac_ct_F77=''
ac_ct_FC=''
am__fastdepCC_FALSE='#'
am__fastdepCC_TRUE=''
am__fastdepCXX_FALSE='#'
am__fastdepCXX_TRUE=''
am__include='include'
am__leading_dot='.'
am__quote=''
am__tar='${AMTAR} chof - "$$tardir"'
am__untar='${AMTAR} xf -'
bindir='${exec_prefix}/bin'
build='x86_64-unknown-linux-gnu'
build_alias=''
build_cpu='x86_64'
build_os='linux-gnu'
build_vendor='unknown'
datadir='${datarootdir}'
datarootdir='${prefix}/share'
docdir='${datarootdir}/doc/${PACKAGE_TARNAME}'
dvidir='${docdir}'
exec_prefix='${prefix}'
host='x86_64-unknown-linux-gnu'
host_alias=''
host_cpu='x86_64'
host_os='linux-gnu'
host_vendor='unknown'
htmldir='${docdir}'
includedir='${prefix}/include'
infodir='${datarootdir}/info'
install_sh='/home/jsg/SIPS/eta2/hdfeos/config/install-sh'
libdir='/opt/packages/hdfeos2.20v1.00/lib'
libexecdir='${exec_prefix}/libexec'
localedir='${datarootdir}/locale'
localstatedir='${prefix}/var'
mandir='${datarootdir}/man'
mkdir_p='mkdir -p --'
oldincludedir='/usr/include'
pdfdir='${docdir}'
prefix='/opt/packages/hdfeos2.20v1.00'
program_transform_name='s,x,x,'
psdir='${docdir}'
sbindir='${exec_prefix}/sbin'
sharedstatedir='${prefix}/com'
sysconfdir='${prefix}/etc'
target_alias=''

## ----------- ##
## confdefs.h. ##
## ----------- ##

#define PACKAGE_NAME "hdf-eos2"
#define PACKAGE_TARNAME "hdf-eos2"
#define PACKAGE_VERSION "4.2"
#define PACKAGE_STRING "hdf-eos2 4.2"
#define PACKAGE_BUGREPORT "null@bogus.email"
#define PACKAGE "hdf-eos2"
#define VERSION "4.2"
#define STDC_HEADERS 1
#define HAVE_SYS_TYPES_H 1
#define HAVE_SYS_STAT_H 1
#define HAVE_STDLIB_H 1
#define HAVE_STRING_H 1
#define HAVE_MEMORY_H 1
#define HAVE_STRINGS_H 1
#define HAVE_INTTYPES_H 1
#define HAVE_STDINT_H 1
#define HAVE_UNISTD_H 1
#define HAVE_DLFCN_H 1
#define HAVE_LIBM 1
#define HAVE_LIBJPEG 1
#define HAVE_ZLIB_H 1
#define HAVE_LIBZ 1
#define HAVE_SZLIB_H 1
#define HAVE_LIBSZ 1
#define HAVE_FILTER_SZIP 1
#define HAVE_FILTER_SZIP_ENCODER 1
#define HAVE_HDF_H 1
#define HAVE_MFHDF_H 1
#define HAVE_LIBDF 1
#define HAVE_LIBMFHDF 1
#define HAVE_HDF4_SZIP_DECODER 1
#define HAVE_HDF4_SZIP_ENCODER 1
#define STDC_HEADERS 1
#define HAVE_LIMITS_H 1
#define HAVE_MALLOC_H 1
#define HAVE_STDLIB_H 1
#define HAVE_STRING_H 1
#define HAVE_STDLIB_H 1
#define HAVE_MALLOC 1
#define HAVE_STDLIB_H 1
#define HAVE_REALLOC 1
#define HAVE_MEMCHR 1
#define HAVE_MEMMOVE 1
#define HAVE_MEMSET 1
#define HAVE_POW 1
#define HAVE_SQRT 1
#define HAVE_STRCHR 1
#define HAVE_STRSTR 1
#define EOS2_AUTO_CONFIG 1

configure: exit 0
